com\joselucio\accounts\service\IAccountsService.class
com\joselucio\accounts\audit\AuditAwareImpl.class
com\joselucio\accounts\entity\BaseEntity.class
com\joselucio\accounts\mapper\AccountsMapper.class
com\joselucio\accounts\constants\AccountsConstants.class
com\joselucio\accounts\exception\CustomerAlreadyExistsException.class
com\joselucio\accounts\dto\AccountsDto.class
com\joselucio\accounts\dto\ResponseDto.class
com\joselucio\accounts\dto\ErrorResponseDto.class
com\joselucio\accounts\exception\GlobalExceptionHandler.class
com\joselucio\accounts\entity\Accounts.class
com\joselucio\accounts\repository\CustomerRepository.class
com\joselucio\accounts\AccountsApplication.class
com\joselucio\accounts\repository\AccountsRepository.class
com\joselucio\accounts\entity\Customer.class
com\joselucio\accounts\exception\ResourceNotFoundException.class
com\joselucio\accounts\mapper\CustomerMapper.class
com\joselucio\accounts\service\impl\AccountsServiceImpl.class
com\joselucio\accounts\dto\CustomerDto.class
com\joselucio\accounts\controller\AccountsController.class
