C:\Users\José Lúcio\OneDrive\Área de Trabalho\Microservices\Section6\v2-spring-cloud-config\accounts\src\main\java\com\joselucio\accounts\AccountsApplication.java
C:\Users\José Lúcio\OneDrive\Área de Trabalho\Microservices\Section6\v2-spring-cloud-config\accounts\src\main\java\com\joselucio\accounts\audit\AuditAwareImpl.java
C:\Users\José Lúcio\OneDrive\Área de Trabalho\Microservices\Section6\v2-spring-cloud-config\accounts\src\main\java\com\joselucio\accounts\constants\AccountsConstants.java
C:\Users\José Lúcio\OneDrive\Área de Trabalho\Microservices\Section6\v2-spring-cloud-config\accounts\src\main\java\com\joselucio\accounts\controller\AccountsController.java
C:\Users\José Lúcio\OneDrive\Área de Trabalho\Microservices\Section6\v2-spring-cloud-config\accounts\src\main\java\com\joselucio\accounts\dto\AccountsContactInfoDto.java
C:\Users\José Lúcio\OneDrive\Área de Trabalho\Microservices\Section6\v2-spring-cloud-config\accounts\src\main\java\com\joselucio\accounts\dto\AccountsDto.java
C:\Users\José Lúcio\OneDrive\Área de Trabalho\Microservices\Section6\v2-spring-cloud-config\accounts\src\main\java\com\joselucio\accounts\dto\CustomerDto.java
C:\Users\José Lúcio\OneDrive\Área de Trabalho\Microservices\Section6\v2-spring-cloud-config\accounts\src\main\java\com\joselucio\accounts\dto\ErrorResponseDto.java
C:\Users\José Lúcio\OneDrive\Área de Trabalho\Microservices\Section6\v2-spring-cloud-config\accounts\src\main\java\com\joselucio\accounts\dto\ResponseDto.java
C:\Users\José Lúcio\OneDrive\Área de Trabalho\Microservices\Section6\v2-spring-cloud-config\accounts\src\main\java\com\joselucio\accounts\entity\Accounts.java
C:\Users\José Lúcio\OneDrive\Área de Trabalho\Microservices\Section6\v2-spring-cloud-config\accounts\src\main\java\com\joselucio\accounts\entity\BaseEntity.java
C:\Users\José Lúcio\OneDrive\Área de Trabalho\Microservices\Section6\v2-spring-cloud-config\accounts\src\main\java\com\joselucio\accounts\entity\Customer.java
C:\Users\José Lúcio\OneDrive\Área de Trabalho\Microservices\Section6\v2-spring-cloud-config\accounts\src\main\java\com\joselucio\accounts\exception\CustomerAlreadyExistsException.java
C:\Users\José Lúcio\OneDrive\Área de Trabalho\Microservices\Section6\v2-spring-cloud-config\accounts\src\main\java\com\joselucio\accounts\exception\GlobalExceptionHandler.java
C:\Users\José Lúcio\OneDrive\Área de Trabalho\Microservices\Section6\v2-spring-cloud-config\accounts\src\main\java\com\joselucio\accounts\exception\ResourceNotFoundException.java
C:\Users\José Lúcio\OneDrive\Área de Trabalho\Microservices\Section6\v2-spring-cloud-config\accounts\src\main\java\com\joselucio\accounts\mapper\AccountsMapper.java
C:\Users\José Lúcio\OneDrive\Área de Trabalho\Microservices\Section6\v2-spring-cloud-config\accounts\src\main\java\com\joselucio\accounts\mapper\CustomerMapper.java
C:\Users\José Lúcio\OneDrive\Área de Trabalho\Microservices\Section6\v2-spring-cloud-config\accounts\src\main\java\com\joselucio\accounts\repository\AccountsRepository.java
C:\Users\José Lúcio\OneDrive\Área de Trabalho\Microservices\Section6\v2-spring-cloud-config\accounts\src\main\java\com\joselucio\accounts\repository\CustomerRepository.java
C:\Users\José Lúcio\OneDrive\Área de Trabalho\Microservices\Section6\v2-spring-cloud-config\accounts\src\main\java\com\joselucio\accounts\service\IAccountsService.java
C:\Users\José Lúcio\OneDrive\Área de Trabalho\Microservices\Section6\v2-spring-cloud-config\accounts\src\main\java\com\joselucio\accounts\service\impl\AccountsServiceImpl.java
